Should output a runtime error (Read the comments in GB_Free.out)